Starting server with Config HP="localhost:3307"|T="300000"|R="false"|L="warning"|S="/tmp/mysql.sock"
time="2026-05-06T05:52:49+02:00" level=warning msg="secure_file_priv is set to \"\", which is insecure."
time="2026-05-06T05:52:49+02:00" level=warning msg="Any user with GRANT FILE privileges will be able to read any file which the sql-server process can read."
time="2026-05-06T05:52:49+02:00" level=warning msg="Please consider restarting the server with secure_file_priv set to a safe (or non-existent) directory."
time="2026-05-06T05:52:52+02:00" level=error msg="unable to prepare query: table not found: events" query="\n\t\tSELECT id, issue_id, event_type, actor, old_value, new_value, comment, created_at\n\t\tFROM events\n\t\tWHERE created_at > ?\n\t\tUNION ALL\n\t\tSELECT id, issue_id, event_type, actor, old_value, new_value, comment, created_at\n\t\tFROM wisp_events\n\t\tWHERE created_at > ?\n\t\tORDER BY created_at ASC\n\t"
time="2026-05-06T05:52:52+02:00" level=error msg="unable to prepare query: table not found: events (errno 1146) (sqlstate HY000)"
time="2026-05-06T05:52:54+02:00" level=error msg="unable to prepare query: table not found: events" query="\n\t\tSELECT id, issue_id, event_type, actor, old_value, new_value, comment, created_at\n\t\tFROM events\n\t\tWHERE created_at > ?\n\t\tUNION ALL\n\t\tSELECT id, issue_id, event_type, actor, old_value, new_value, comment, created_at\n\t\tFROM wisp_events\n\t\tWHERE created_at > ?\n\t\tORDER BY created_at ASC\n\t"
time="2026-05-06T05:52:54+02:00" level=error msg="unable to prepare query: table not found: events (errno 1146) (sqlstate HY000)"
time="2026-05-06T05:52:54+02:00" level=error msg="unable to prepare query: table not found: metadata" query="SELECT value FROM metadata WHERE `key` = ?"
time="2026-05-06T05:52:54+02:00" level=error msg="unable to prepare query: table not found: metadata (errno 1146) (sqlstate HY000)"
time="2026-05-06T05:52:54+02:00" level=error msg="unable to prepare query: table not found: issues" query="SELECT id, content_hash, title, description, design, acceptance_criteria, notes,\n\t       status, priority, issue_type, assignee, estimated_minutes,\n\t       created_at, created_by, owner, updated_at, started_at, closed_at, external_ref, spec_id,\n\t       compaction_level, compacted_at, compacted_at_commit, original_size, source_repo, close_reason,\n\t       sender, ephemeral, no_history, wisp_type, pinned, is_template,\n\t       await_type, await_id, timeout_ns, waiters,\n\t       mol_type,\n\t       event_kind, actor, target, payload,\n\t       due_at, defer_until,\n\t       work_type, source_system, metadata FROM issues WHERE id IN (?) ORDER BY priority ASC, created_at DESC, id ASC "
time="2026-05-06T05:52:54+02:00" level=error msg="unable to prepare query: table not found: issues (errno 1146) (sqlstate HY000)"
time="2026-05-06T05:52:54+02:00" level=error msg="unable to prepare query: table not found: config" query="SELECT value FROM config WHERE `key` = ?"
time="2026-05-06T05:52:54+02:00" level=error msg="unable to prepare query: table not found: config (errno 1146) (sqlstate HY000)"
time="2026-05-06T05:52:54+02:00" level=error msg="unable to prepare query: table not found: config" query="SELECT value FROM config WHERE `key` = ?"
time="2026-05-06T05:52:54+02:00" level=error msg="unable to prepare query: table not found: config (errno 1146) (sqlstate HY000)"
time="2026-05-06T05:52:54+02:00" level=error msg="unable to prepare query: table not found: issues" query="SELECT id, content_hash, title, description, design, acceptance_criteria, notes,\n\t       status, priority, issue_type, assignee, estimated_minutes,\n\t       created_at, created_by, owner, updated_at, started_at, closed_at, external_ref, spec_id,\n\t       compaction_level, compacted_at, compacted_at_commit, original_size, source_repo, close_reason,\n\t       sender, ephemeral, no_history, wisp_type, pinned, is_template,\n\t       await_type, await_id, timeout_ns, waiters,\n\t       mol_type,\n\t       event_kind, actor, target, payload,\n\t       due_at, defer_until,\n\t       work_type, source_system, metadata FROM issues WHERE id IN (?) ORDER BY priority ASC, created_at DESC, id ASC "
time="2026-05-06T05:52:54+02:00" level=error msg="unable to prepare query: table not found: issues (errno 1146) (sqlstate HY000)"
time="2026-05-06T05:52:54+02:00" level=error msg="unable to prepare query: table not found: issues" query="SELECT id, content_hash, title, description, design, acceptance_criteria, notes,\n\t       status, priority, issue_type, assignee, estimated_minutes,\n\t       created_at, created_by, owner, updated_at, started_at, closed_at, external_ref, spec_id,\n\t       compaction_level, compacted_at, compacted_at_commit, original_size, source_repo, close_reason,\n\t       sender, ephemeral, no_history, wisp_type, pinned, is_template,\n\t       await_type, await_id, timeout_ns, waiters,\n\t       mol_type,\n\t       event_kind, actor, target, payload,\n\t       due_at, defer_until,\n\t       work_type, source_system, metadata FROM issues WHERE (id = ? OR id LIKE ? OR LOWER(title) LIKE ? OR LOWER(external_ref) LIKE ?) ORDER BY priority ASC, created_at DESC, id ASC "
time="2026-05-06T05:52:54+02:00" level=error msg="unable to prepare query: table not found: issues (errno 1146) (sqlstate HY000)"
time="2026-05-06T05:52:57+02:00" level=warning msg="error running query" connectTime="2026-05-06 05:52:57.581026059 +0200 CEST m=+8.053800065" connectionDb=hq connectionID=14 error="table not found: custom_statuses" queryTime="2026-05-06 05:52:57.581741262 +0200 CEST m=+8.054515258"
time="2026-05-06T05:52:57+02:00" level=error msg="unable to prepare query: table not found: config" query="SELECT value FROM config WHERE `key` = ?"
time="2026-05-06T05:52:57+02:00" level=error msg="unable to prepare query: table not found: config (errno 1146) (sqlstate HY000)"
time="2026-05-06T05:52:57+02:00" level=warning msg="error running query" connectTime="2026-05-06 05:52:57.581026059 +0200 CEST m=+8.053800065" connectionDb=hq connectionID=14 error="table not found: custom_types" queryTime="2026-05-06 05:52:57.582153164 +0200 CEST m=+8.054927160"
time="2026-05-06T05:52:57+02:00" level=error msg="unable to prepare query: table not found: config" query="SELECT value FROM config WHERE `key` = ?"
time="2026-05-06T05:52:57+02:00" level=error msg="unable to prepare query: table not found: config (errno 1146) (sqlstate HY000)"
time="2026-05-06T05:52:57+02:00" level=error msg="unable to prepare query: table not found: config" query="SELECT value FROM config WHERE `key` = ?"
time="2026-05-06T05:52:57+02:00" level=error msg="unable to prepare query: table not found: config (errno 1146) (sqlstate HY000)"
time="2026-05-06T05:52:57+02:00" level=error msg="unable to prepare query: table not found: config" query="SELECT value FROM config WHERE `key` = ?"
time="2026-05-06T05:52:57+02:00" level=error msg="unable to prepare query: table not found: config (errno 1146) (sqlstate HY000)"
time="2026-05-06T05:52:57+02:00" level=error msg="unable to prepare query: table not found: config" query="SELECT value FROM config WHERE `key` = ?"
time="2026-05-06T05:52:57+02:00" level=error msg="unable to prepare query: table not found: config (errno 1146) (sqlstate HY000)"
time="2026-05-06T05:52:57+02:00" level=error msg="unable to prepare query: table not found: config" query="SELECT value FROM config WHERE `key` = ?"
time="2026-05-06T05:52:57+02:00" level=error msg="unable to prepare query: table not found: config (errno 1146) (sqlstate HY000)"
time="2026-05-06T05:52:57+02:00" level=error msg="unable to prepare query: table not found: config" query="SELECT value FROM config WHERE `key` = ?"
time="2026-05-06T05:52:57+02:00" level=error msg="unable to prepare query: table not found: config (errno 1146) (sqlstate HY000)"
time="2026-05-06T05:52:57+02:00" level=error msg="unable to prepare query: table not found: issues" query="SELECT id, content_hash, title, description, design, acceptance_criteria, notes,\n\t       status, priority, issue_type, assignee, estimated_minutes,\n\t       created_at, created_by, owner, updated_at, started_at, closed_at, external_ref, spec_id,\n\t       compaction_level, compacted_at, compacted_at_commit, original_size, source_repo, close_reason,\n\t       sender, ephemeral, no_history, wisp_type, pinned, is_template,\n\t       await_type, await_id, timeout_ns, waiters,\n\t       mol_type,\n\t       event_kind, actor, target, payload,\n\t       due_at, defer_until,\n\t       work_type, source_system, metadata FROM issues WHERE status = ? AND id IN (SELECT id FROM issues WHERE issue_type = ?) AND issue_type NOT IN (?,?,?,?,?) AND (pinned = 0 OR pinned IS NULL) AND (is_template = 0 OR is_template IS NULL) ORDER BY priority ASC, created_at DESC, id ASC  LIMIT 51"
time="2026-05-06T05:52:57+02:00" level=error msg="unable to prepare query: table not found: issues (errno 1146) (sqlstate HY000)"
time="2026-05-06T05:52:59+02:00" level=warning msg="error running query" connectTime="2026-05-06 05:52:59.595312026 +0200 CEST m=+10.068086032" connectionDb=hq connectionID=20 error="Duplicate key name 'idx_wisp_dep_type'" queryTime="2026-05-06 05:52:59.678675225 +0200 CEST m=+10.151449231"
time="2026-05-06T05:52:59+02:00" level=warning msg="error running query" connectTime="2026-05-06 05:52:59.595312026 +0200 CEST m=+10.068086032" connectionDb=hq connectionID=20 error="Duplicate key name 'idx_wisp_dep_type_depends'" queryTime="2026-05-06 05:52:59.678973397 +0200 CEST m=+10.151747403"
time="2026-05-06T05:52:59+02:00" level=warning msg="error running query" connectTime="2026-05-06 05:52:59.595312026 +0200 CEST m=+10.068086032" connectionDb=hq connectionID=20 error="Column \"no_history\" already exists" queryTime="2026-05-06 05:52:59.683729118 +0200 CEST m=+10.156503124"
time="2026-05-06T05:52:59+02:00" level=warning msg="error running query" connectTime="2026-05-06 05:52:59.595312026 +0200 CEST m=+10.068086032" connectionDb=hq connectionID=20 error="Column \"started_at\" already exists" queryTime="2026-05-06 05:52:59.703300877 +0200 CEST m=+10.176074893"
time="2026-05-06T05:53:10+02:00" level=warning msg="error running query" connectTime="2026-05-06 05:53:10.914289583 +0200 CEST m=+21.387063589" connectionDb=hq connectionID=33 error="nothing to commit" queryTime="2026-05-06 05:53:10.951691267 +0200 CEST m=+21.424465273"
time="2026-05-06T05:53:11+02:00" level=warning msg="error running query" connectTime="2026-05-06 05:53:10.993508061 +0200 CEST m=+21.466282067" connectionDb=hq connectionID=36 error="nothing to commit" queryTime="2026-05-06 05:53:11.031736859 +0200 CEST m=+21.504510855"
time="2026-05-06T05:53:58+02:00" level=error msg="unable to process ComInitDB: database not found: testgt1" database=testgt1
time="2026-05-06T05:53:58+02:00" level=error msg="failed to set the database client 934 (127.0.0.1:39918): database not found: testgt1 (errno 1049) (sqlstate HY000)"
time="2026-05-06T05:54:58+02:00" level=error msg="unable to process ComInitDB: database not found: testgt1" database=testgt1
time="2026-05-06T05:54:58+02:00" level=error msg="failed to set the database client 1046 (127.0.0.1:34080): database not found: testgt1 (errno 1049) (sqlstate HY000)"
time="2026-05-06T05:55:58+02:00" level=error msg="unable to process ComInitDB: database not found: testgt1" database=testgt1
time="2026-05-06T05:55:58+02:00" level=error msg="failed to set the database client 1068 (127.0.0.1:38184): database not found: testgt1 (errno 1049) (sqlstate HY000)"
time="2026-05-06T05:56:58+02:00" level=error msg="unable to process ComInitDB: database not found: testgt1" database=testgt1
time="2026-05-06T05:56:58+02:00" level=error msg="failed to set the database client 1587 (127.0.0.1:35016): database not found: testgt1 (errno 1049) (sqlstate HY000)"
time="2026-05-06T05:58:01+02:00" level=error msg="unable to process ComInitDB: database not found: testgt1" database=testgt1
time="2026-05-06T05:58:01+02:00" level=error msg="failed to set the database client 1687 (127.0.0.1:50654): database not found: testgt1 (errno 1049) (sqlstate HY000)"
